// Jest Snapshot v1, https://goo.gl/fbAQLP

exports[`App renders correctly 1`] = `
<View
  onLayout={[Function]}
  style={
    [
      {
        "flex": 1,
      },
      undefined,
    ]
  }
>
  <RNSScreenStack
    style={
      {
        "flex": 1,
      }
    }
  >
    <RNSScreen
      activityState={2}
      aria-hidden={false}
      collapsable={false}
      fullScreenSwipeShadowEnabled={true}
      gestureResponseDistance={
        {
          "bottom": -1,
          "end": -1,
          "start": -1,
          "top": -1,
        }
      }
      hasLargeHeader={false}
      nativeBackButtonDismissalEnabled={false}
      onAppear={[Function]}
      onDisappear={[Function]}
      onDismissed={[Function]}
      onGestureCancel={[Function]}
      onHeaderBackButtonClicked={[Function]}
      onHeaderHeightChange={[Function]}
      onNativeDismissCancelled={[Function]}
      onSheetDetentChanged={[Function]}
      onTransitionProgress={[Function]}
      onWillAppear={[Function]}
      onWillDisappear={[Function]}
      replaceAnimation="push"
      screenId="Home-XWfEUPJtE02HWMjXNZVUO"
      scrollEdgeEffects={
        {
          "bottom": "automatic",
          "left": "automatic",
          "right": "automatic",
          "top": "automatic",
        }
      }
      sheetAllowedDetents={
        [
          1,
        ]
      }
      sheetCornerRadius={-1}
      sheetElevation={24}
      sheetExpandsWhenScrolledToEdge={true}
      sheetGrabberVisible={false}
      sheetInitialDetent={0}
      sheetInitialDetentIndex={0}
      sheetLargestUndimmedDetent={-1}
      sheetLargestUndimmedDetentIndex={-1}
      sheetShouldOverflowTopInset={false}
      stackPresentation="push"
      style={
        {
          "bottom": 0,
          "left": 0,
          "position": "absolute",
          "right": 0,
          "top": 0,
          "zIndex": undefined,
        }
      }
      swipeDirection="horizontal"
    >
      <RNSScreenContentWrapper
        collapsable={false}
        style={
          [
            {
              "flex": 1,
            },
            [
              {
                "backgroundColor": "rgb(242, 242, 242)",
              },
              {
                "backgroundColor": "#121212",
              },
            ],
          ]
        }
      >
        <RCTSafeAreaView
          style={
            {
              "backgroundColor": "#121212",
              "flex": 1,
            }
          }
        >
          <View
            style={
              {
                "backgroundColor": "#121212",
                "padding": 20,
              }
            }
          >
            <View
              style={
                {
                  "alignItems": "center",
                  "flexDirection": "row",
                  "justifyContent": "space-between",
                  "marginBottom": 20,
                }
              }
            >
              <Text
                style={
                  {
                    "color": "#E1E1E1",
                    "fontSize": 20,
                    "fontWeight": "bold",
                  }
                }
              >
                Saturday
                , 
                17
                 
                Jan
              </Text>
              <View
                style={
                  {
                    "flexDirection": "row",
                  }
                }
              />
            </View>
            <View
              style={
                {
                  "flexDirection": "row",
                  "justifyContent": "space-between",
                }
              }
            >
              <View
                style={
                  {
                    "alignItems": "center",
                    "width": 40,
                  }
                }
                testID="date-item-0"
              >
                <Text
                  style={
                    {
                      "color": "#A0A0A0",
                      "fontSize": 12,
                      "marginBottom": 8,
                    }
                  }
                >
                  Sun
                </Text>
                <View
                  style={
                    [
                      {
                        "alignItems": "center",
                        "backgroundColor": "#1E1E1E",
                        "borderColor": "#333",
                        "borderRadius": 12,
                        "borderWidth": 1,
                        "height": 45,
                        "justifyContent": "center",
                        "width": 40,
                      },
                      false,
                    ]
                  }
                >
                  <Text
                    style={
                      {
                        "color": "#666",
                        "fontSize": 14,
                      }
                    }
                  >
                    11
                  </Text>
                </View>
              </View>
              <View
                style={
                  {
                    "alignItems": "center",
                    "width": 40,
                  }
                }
                testID="date-item-1"
              >
                <Text
                  style={
                    {
                      "color": "#A0A0A0",
                      "fontSize": 12,
                      "marginBottom": 8,
                    }
                  }
                >
                  Mon
                </Text>
                <View
                  style={
                    [
                      {
                        "alignItems": "center",
                        "backgroundColor": "#1E1E1E",
                        "borderColor": "#333",
                        "borderRadius": 12,
                        "borderWidth": 1,
                        "height": 45,
                        "justifyContent": "center",
                        "width": 40,
                      },
                      false,
                    ]
                  }
                >
                  <Text
                    style={
                      {
                        "color": "#666",
                        "fontSize": 14,
                      }
                    }
                  >
                    12
                  </Text>
                </View>
              </View>
              <View
                style={
                  {
                    "alignItems": "center",
                    "width": 40,
                  }
                }
                testID="date-item-2"
              >
                <Text
                  style={
                    {
                      "color": "#A0A0A0",
                      "fontSize": 12,
                      "marginBottom": 8,
                    }
                  }
                >
                  Tue
                </Text>
                <View
                  style={
                    [
                      {
                        "alignItems": "center",
                        "backgroundColor": "#1E1E1E",
                        "borderColor": "#333",
                        "borderRadius": 12,
                        "borderWidth": 1,
                        "height": 45,
                        "justifyContent": "center",
                        "width": 40,
                      },
                      false,
                    ]
                  }
                >
                  <Text
                    style={
                      {
                        "color": "#666",
                        "fontSize": 14,
                      }
                    }
                  >
                    13
                  </Text>
                </View>
              </View>
              <View
                style={
                  {
                    "alignItems": "center",
                    "width": 40,
                  }
                }
                testID="date-item-3"
              >
                <Text
                  style={
                    {
                      "color": "#A0A0A0",
                      "fontSize": 12,
                      "marginBottom": 8,
                    }
                  }
                >
                  Wed
                </Text>
                <View
                  style={
                    [
                      {
                        "alignItems": "center",
                        "backgroundColor": "#1E1E1E",
                        "borderColor": "#333",
                        "borderRadius": 12,
                        "borderWidth": 1,
                        "height": 45,
                        "justifyContent": "center",
                        "width": 40,
                      },
                      false,
                    ]
                  }
                >
                  <Text
                    style={
                      {
                        "color": "#666",
                        "fontSize": 14,
                      }
                    }
                  >
                    14
                  </Text>
                </View>
              </View>
              <View
                style={
                  {
                    "alignItems": "center",
                    "width": 40,
                  }
                }
                testID="date-item-4"
              >
                <Text
                  style={
                    {
                      "color": "#A0A0A0",
                      "fontSize": 12,
                      "marginBottom": 8,
                    }
                  }
                >
                  Thu
                </Text>
                <View
                  style={
                    [
                      {
                        "alignItems": "center",
                        "backgroundColor": "#1E1E1E",
                        "borderColor": "#333",
                        "borderRadius": 12,
                        "borderWidth": 1,
                        "height": 45,
                        "justifyContent": "center",
                        "width": 40,
                      },
                      false,
                    ]
                  }
                >
                  <Text
                    style={
                      {
                        "color": "#666",
                        "fontSize": 14,
                      }
                    }
                  >
                    15
                  </Text>
                </View>
              </View>
              <View
                style={
                  {
                    "alignItems": "center",
                    "width": 40,
                  }
                }
                testID="date-item-5"
              >
                <Text
                  style={
                    {
                      "color": "#A0A0A0",
                      "fontSize": 12,
                      "marginBottom": 8,
                    }
                  }
                >
                  Fri
                </Text>
                <View
                  style={
                    [
                      {
                        "alignItems": "center",
                        "backgroundColor": "#1E1E1E",
                        "borderColor": "#333",
                        "borderRadius": 12,
                        "borderWidth": 1,
                        "height": 45,
                        "justifyContent": "center",
                        "width": 40,
                      },
                      false,
                    ]
                  }
                >
                  <Text
                    style={
                      {
                        "color": "#666",
                        "fontSize": 14,
                      }
                    }
                  >
                    16
                  </Text>
                </View>
              </View>
              <View
                style={
                  {
                    "alignItems": "center",
                    "width": 40,
                  }
                }
                testID="date-item-6"
              >
                <Text
                  style={
                    [
                      {
                        "color": "#A0A0A0",
                        "fontSize": 12,
                        "marginBottom": 8,
                      },
                      {
                        "color": "#4ADE80",
                        "fontWeight": "bold",
                      },
                    ]
                  }
                >
                  Today
                </Text>
                <View
                  style={
                    [
                      {
                        "alignItems": "center",
                        "backgroundColor": "#1E1E1E",
                        "borderColor": "#333",
                        "borderRadius": 12,
                        "borderWidth": 1,
                        "height": 45,
                        "justifyContent": "center",
                        "width": 40,
                      },
                      {
                        "backgroundColor": "#1E1E1E",
                        "borderColor": "#4ADE80",
                        "elevation": 5,
                        "shadowColor": "#4ADE80",
                        "shadowOffset": {
                          "height": 0,
                          "width": 0,
                        },
                        "shadowOpacity": 0.5,
                        "shadowRadius": 5,
                      },
                    ]
                  }
                >
                  <Text
                    style={
                      [
                        {
                          "color": "#666",
                          "fontSize": 14,
                        },
                        {
                          "color": "#FFF",
                          "fontWeight": "bold",
                        },
                      ]
                    }
                  >
                    0/2
                  </Text>
                </View>
              </View>
            </View>
          </View>
          <View
            style={
              {
                "flex": 1,
              }
            }
          >
            <View
              style={
                {
                  "alignItems": "center",
                  "flex": 1,
                  "justifyContent": "center",
                  "padding": 20,
                }
              }
            >
              <Text
                style={
                  {
                    "color": "#E1E1E1",
                    "fontSize": 24,
                    "fontWeight": "bold",
                    "marginBottom": 10,
                  }
                }
              >
                Log Your Hours
              </Text>
              <Text
                style={
                  {
                    "color": "#A0A0A0",
                    "fontSize": 16,
                    "marginBottom": 30,
                    "maxWidth": 300,
                    "textAlign": "center",
                  }
                }
              >
                Reading, exercise, meditation — track time spent on what matters.
              </Text>
              <View
                accessibilityState={
                  {
                    "busy": undefined,
                    "checked": undefined,
                    "disabled": undefined,
                    "expanded": undefined,
                    "selected": undefined,
                  }
                }
                accessibilityValue={
                  {
                    "max": undefined,
                    "min": undefined,
                    "now": undefined,
                    "text": undefined,
                  }
                }
                accessible={true}
                collapsable={false}
                focusable={true}
                onClick={[Function]}
                onResponderGrant={[Function]}
                onResponderMove={[Function]}
                onResponderRelease={[Function]}
                onResponderTerminate={[Function]}
                onResponderTerminationRequest={[Function]}
                onStartShouldSetResponder={[Function]}
                style={
                  {
                    "backgroundColor": "#4ADE80",
                    "borderRadius": 15,
                    "elevation": 5,
                    "opacity": 1,
                    "paddingHorizontal": 40,
                    "paddingVertical": 15,
                    "shadowColor": "#4ADE80",
                    "shadowOffset": {
                      "height": 0,
                      "width": 0,
                    },
                    "shadowOpacity": 0.5,
                    "shadowRadius": 10,
                  }
                }
              >
                <Text
                  style={
                    {
                      "color": "#000000",
                      "fontSize": 18,
                      "fontWeight": "bold",
                    }
                  }
                >
                  + Add Habit
                </Text>
              </View>
            </View>
          </View>
          <View
            style={
              {
                "alignItems": "center",
                "bottom": 30,
                "left": 0,
                "position": "absolute",
                "right": 0,
              }
            }
          >
            <View
              style={
                {
                  "backgroundColor": "#1C1C1E",
                  "borderColor": "#4ADE8040",
                  "borderRadius": 30,
                  "borderWidth": 1,
                  "elevation": 5,
                  "flexDirection": "row",
                  "padding": 5,
                  "shadowColor": "#4ADE80",
                  "shadowOffset": {
                    "height": 2,
                    "width": 0,
                  },
                  "shadowOpacity": 0.2,
                  "shadowRadius": 4,
                }
              }
            >
              <View
                accessibilityState={
                  {
                    "busy": undefined,
                    "checked": undefined,
                    "disabled": undefined,
                    "expanded": undefined,
                    "selected": undefined,
                  }
                }
                accessibilityValue={
                  {
                    "max": undefined,
                    "min": undefined,
                    "now": undefined,
                    "text": undefined,
                  }
                }
                accessible={true}
                collapsable={false}
                focusable={true}
                onClick={[Function]}
                onResponderGrant={[Function]}
                onResponderMove={[Function]}
                onResponderRelease={[Function]}
                onResponderTerminate={[Function]}
                onResponderTerminationRequest={[Function]}
                onStartShouldSetResponder={[Function]}
                style={
                  {
                    "alignItems": "center",
                    "borderRadius": 25,
                    "height": 50,
                    "justifyContent": "center",
                    "opacity": 1,
                    "width": 60,
                  }
                }
                testID="tab-home"
              >
                <Ionicons
                  color="#666"
                  name="time-outline"
                  size={24}
                />
              </View>
              <View
                accessibilityState={
                  {
                    "busy": undefined,
                    "checked": undefined,
                    "disabled": undefined,
                    "expanded": undefined,
                    "selected": undefined,
                  }
                }
                accessibilityValue={
                  {
                    "max": undefined,
                    "min": undefined,
                    "now": undefined,
                    "text": undefined,
                  }
                }
                accessible={true}
                collapsable={false}
                focusable={true}
                onClick={[Function]}
                onResponderGrant={[Function]}
                onResponderMove={[Function]}
                onResponderRelease={[Function]}
                onResponderTerminate={[Function]}
                onResponderTerminationRequest={[Function]}
                onStartShouldSetResponder={[Function]}
                style={
                  {
                    "alignItems": "center",
                    "backgroundColor": "#4ADE80",
                    "borderRadius": 25,
                    "height": 50,
                    "justifyContent": "center",
                    "opacity": 1,
                    "width": 60,
                  }
                }
                testID="tab-grid"
              >
                <Ionicons
                  color="black"
                  name="grid-outline"
                  size={24}
                />
              </View>
              <View
                accessibilityState={
                  {
                    "busy": undefined,
                    "checked": undefined,
                    "disabled": undefined,
                    "expanded": undefined,
                    "selected": undefined,
                  }
                }
                accessibilityValue={
                  {
                    "max": undefined,
                    "min": undefined,
                    "now": undefined,
                    "text": undefined,
                  }
                }
                accessible={true}
                collapsable={false}
                focusable={true}
                onClick={[Function]}
                onResponderGrant={[Function]}
                onResponderMove={[Function]}
                onResponderRelease={[Function]}
                onResponderTerminate={[Function]}
                onResponderTerminationRequest={[Function]}
                onStartShouldSetResponder={[Function]}
                style={
                  {
                    "alignItems": "center",
                    "borderRadius": 25,
                    "height": 50,
                    "justifyContent": "center",
                    "opacity": 1,
                    "width": 60,
                  }
                }
                testID="tab-menu"
              >
                <Ionicons
                  color="#666"
                  name="options-outline"
                  size={24}
                />
              </View>
            </View>
          </View>
        </RCTSafeAreaView>
      </RNSScreenContentWrapper>
      <RNSScreenStackHeaderConfig
        backButtonInCustomView={false}
        backTitleFontFamily="System"
        backTitleVisible={true}
        backgroundColor="#121212"
        color="#E1E1E1"
        direction="ltr"
        disableBackButtonMenu={false}
        experimental_userInterfaceStyle="light"
        hidden={true}
        hideBackButton={false}
        largeTitleFontFamily="System"
        largeTitleFontWeight="700"
        largeTitleHideShadow={false}
        pointerEvents="box-none"
        style={
          {
            "alignItems": "center",
            "flexDirection": "row",
            "justifyContent": "space-between",
            "position": "absolute",
            "width": "100%",
          }
        }
        title="Home"
        titleColor="#E1E1E1"
        titleFontFamily="System"
        titleFontWeight="bold"
        topInsetEnabled={true}
        translucent={false}
      />
    </RNSScreen>
  </RNSScreenStack>
</View>
`;
